main.c:95:5:main	8	static
main.c:159:6:SystemClock_Config	160	static
main.c:204:13:MX_CAN_Init	8	static
main.c:265:13:MX_CRC_Init	8	static
main.c:296:13:MX_USART2_UART_Init	8	static
main.c:331:13:MX_GPIO_Init	48	static
main.c:360:6:bootloader_uart_read_data	16	static
main.c:390:6:handle_start_download	24	static
main.c:415:6:handle_Get_Version	16	static
main.c:435:6:handle_writing	32	static
main.c:451:6:handle_exit_bootloader	16	static
main.c:471:6:bootloader_send_ack	24	static
main.c:482:6:bootloader_send_nack	16	static
main.c:489:9:bootloader_verify_crc	32	static
main.c:526:10:can_generate_header	24	static
main.c:580:6:Error_Handler	4	static
